[www.destygo.com/index.html]
[www.agence-me.com/index.html]
[shardest.com/index.html]
[www.arhia.fr/index.html]
[www.trustpair.fr/index.html]
[myjoulebox.com/index.html]
[backblue.gif]
[fade.gif]
[index.html]
[fonts.googleapis.com/cssd2d5.css]
[shardest.com/wp-content/cache/autoptimize/css/autoptimize_0dcfddb35fe0b16544dd4b297bd40458.css]
[shardest.com/feed]
[shardest.com/comments/feed]
[shardest.com/wp-includes/css/dashicons.minee45.css]
[shardest.com/wp-includes/js/jquery/jqueryb8ff.js]
[shardest.com/xmlrpc0db0.php]
[shardest.com/wp-json/index.html]
[shardest.com/wp-includes/wlwmanifest.xml]
[shardest.com/wp-json/oembed/1.0/embed1b55.json]
[shardest.com/wp-json/oembed/1.0/embed71ce]
[maxcdn.bootstrapcdn.com/font-awesome/4.6.3/css/font-awesome.min.css]
[shardest.com/wp-content/uploads/2017/10/shardest.-logo-1.png]
[shardest.com/wp-content/uploads/2017/10/ipnonex_ui_animation_1640x924_1-01.mp4]
[shardest.com/wp-content/uploads/2017/10/ipnonex_ui_animation_1640x924_1-01.webm]
[shardest.com/wp-content/uploads/2017/10/shardest.-landing.png]
[shardest.com/wp-content/uploads/2017/11/iPhone-X-Mockup-transparent.png]
[shardest.com/Social.mp4]
[shardest.com/Intelligence.mp4]
[shardest.com/Custom.mp4]
[shardest.com/Shop.mp4]
[shardest.com/Interactive.mp4]
[shardest.com/Search.mp4]
[shardest.com/wp-content/uploads/2017/10/iPhone-X-Mockup.png]
[shardest.com/wp-content/uploads/2017/10/icon_social-commerce-2.png]
[shardest.com/wp-content/uploads/2017/10/icon-personal-assistant.png]
[shardest.com/wp-content/uploads/2017/10/icon_interactive-1.png]
[shardest.com/wp-content/uploads/2017/10/Group-4.png]
[shardest.com/wp-content/uploads/2017/10/message-user.png]
[shardest.com/wp-content/uploads/2017/10/Group-5.png]
[connect.facebook.net/en_US/sdk.js]
[shardest.com/privacy.html]
[shardest.com/wp-admin/admin-ajax.html]
[shardest.com/wp-content/uploads/2017/12/shardest-transparent-1.png]
[fonts.googleapis.com/cssaa4a.css]
[fonts.googleapis.com/css047c.css]
[shardest.com/index.html]
[shardest.com/wp-content/cache/autoptimize/js/autoptimize_b54ac7fd2f7e628f91580b82456db7f5.js]
[fonts.googleapis.com/css9dc9.css]
[res.cloudinary.com/hrscywv4p/image/upload/c_limit,fl_lossy,h_64,w_64,f_auto,q_auto/v1/316385/Favicon_32x32_r8evvt.png]
[www.destygo.com/i/pwa/manifest.json]
[res.cloudinary.com/hrscywv4p/image/upload/c_limit,fl_lossy,h_60,w_60,f_auto,q_auto/v1/316385/smartmockups-digital_bundle_39_hxv65p.png]
[res.cloudinary.com/hrscywv4p/image/upload/c_limit,fl_lossy,h_76,w_76,f_auto,q_auto/v1/316385/smartmockups-digital_bundle_39_hxv65p.png]
[res.cloudinary.com/hrscywv4p/image/upload/c_limit,fl_lossy,h_120,w_120,f_auto,q_auto/v1/316385/smartmockups-digital_bundle_39_hxv65p.png]
[res.cloudinary.com/hrscywv4p/image/upload/c_limit,fl_lossy,h_152,w_152,f_auto,q_auto/v1/316385/smartmockups-digital_bundle_39_hxv65p.png]
[res.cloudinary.com/hrscywv4p/image/upload/c_limit,fl_lossy,h_300,w_300,f_auto,q_auto/v1/316385/logo_destygo_3_fin2x_hz0o15.png]
[res.cloudinary.com/hrscywv4p/image/upload/c_limit,fl_lossy,h_300,w_300,f_auto,q_auto/v1/316385/Logo_fin_nlorl1.png]
[www.destygo.com/demo.html]
[res.cloudinary.com/hrscywv4p/image/upload/c_limit,fl_lossy,h_1500,w_2000,f_auto,q_auto/v1/316385/Landing_Try_9_Group2x_HD_k858cu.png]
[www.destygo.com/about.html]
[www.destygo.com/technology.html]
[www.destygo.com/careers.html]
[res.cloudinary.com/hrscywv4p/image/upload/c_limit,fl_lossy,h_1440,w_720,f_auto,q_auto/v1/316385/09c298a3-50ff-40f0-8425-41edea1832fa_xtjiay.png]
[res.cloudinary.com/hrscywv4p/image/upload/c_limit,fl_lossy,h_1440,w_720,f_auto,q_auto/v1/316385/e6786d00-fe1a-4e0a-a136-222603ed60b1_rhwqbk.png]
[res.cloudinary.com/hrscywv4p/image/upload/c_limit,fl_lossy,h_1440,w_720,f_auto,q_auto/v1/316385/e887904b-2a92-4afb-a4df-d57cf7669f26_z3s8vx.png]
[res.cloudinary.com/hrscywv4p/image/upload/c_limit,fl_lossy,h_1440,w_720,f_auto,q_auto/v1/316385/36282628-a40f-47dd-b3c0-4d8e7ddc2270_kyiomg.png]
[res.cloudinary.com/hrscywv4p/image/upload/c_limit,fl_lossy,h_1440,w_720,f_auto,q_auto/v1/316385/2fc183ed-4529-43fd-872a-c19a675ea88a_ttgecv.png]
[www.destygo.com/use-case.html]
[res.cloudinary.com/hrscywv4p/image/upload/c_limit,fl_lossy,h_1440,w_720,f_auto,q_auto/v1/316385/0a563fe2-2b53-41a4-ac7d-acfcf64506c7_ddkdan.png]
[res.cloudinary.com/hrscywv4p/image/upload/c_limit,fl_lossy,h_1440,w_720,f_auto,q_auto/v1/316385/017d9072-1c4f-45b4-8079-2aaaa0cdc7cb_lrffdw.png]
[www.destygo.com/pricing.html]
[d15qhc0lu1ghnk.cloudfront.net/beacon.js]
[www.destygo.com/press.html]
[www.google-analytics.com/analytics.js]
[ajax.googleapis.com/ajax/libs/jquery/1.10.0/jquery.min.js]
[www.destygo.com/preferred-partner.html]
[js.hs-scripts.com/2424045.js]
[www.destygo.com/index.html]
[www.arhia.fr/templates/theme3167/favicon.ico]
[www.arhia.fr/indexc0d0.html]
[www.arhia.fr/index7b17.html]
[www.arhia.fr/templates/theme3167/css/layout.css]
[www.arhia.fr/templates/theme3167/css/jquery.fancybox.css]
[www.arhia.fr/templates/theme3167/css/jquery.fancybox-buttons.css]
[www.arhia.fr/templates/theme3167/css/jquery.fancybox-thumbs.css]
[www.arhia.fr/templates/theme3167/css/template.css]
[www.arhia.fr/templates/theme3167/html/mod_icemegamenu/css/default_icemegamenu-reponsive.css]
[www.arhia.fr/templates/theme3167/html/mod_icemegamenu/css/navbar.css]
[www.arhia.fr/plugins/system/fmalertcookies/assets/css/bootstrap.min.css]
[www.arhia.fr/media/jui/js/jquery.min.js]
[www.arhia.fr/media/jui/js/jquery-noconflict.js]
[www.arhia.fr/media/jui/js/jquery-migrate.min.js]
[www.arhia.fr/media/system/js/caption.js]
[www.arhia.fr/media/jui/js/bootstrap.min.js]
[www.arhia.fr/templates/theme3167/html/mod_icemegamenu/js/menu.js]
[www.arhia.fr/templates/theme3167/html/mod_icemegamenu/js/jquery.rd-navbar.js]
[fonts.googleapis.com/cssf755.css]
[fonts.googleapis.com/css33d1.css]
[fonts.googleapis.com/css37b6.css]
[fonts.googleapis.com/css0733.css]
[www.arhia.fr/media/nextend/n2-ss-3/n2-ss-39c22.css]
[www.arhia.fr/media/nextend/n2-ss-4/n2-ss-4afbe.css]
[www.arhia.fr/media/nextend/n2/n2259b.js]
[www.arhia.fr/libraries/nextend2/smartslider/media/plugins/type/simple/simple/dist/smartslider-simple-type-frontend.min1929.js]
[www.arhia.fr/libraries/nextend2/smartslider/media/plugins/type/block/block/dist/smartslider-block-type-frontend.min1929.js]
[www.arhia.fr/libraries/nextend2/nextend/media/dist/nextend-frontend.min4a30.js]
[www.arhia.fr/libraries/nextend2/nextend/media/dist/nextend-gsap.min4a30.js]
[www.arhia.fr/libraries/nextend2/nextend/media/dist/nextend-webfontloader.min4a30.js]
[www.arhia.fr/media/nextend/n2-ss-3/n2-ss-39c22.js]
[www.arhia.fr/libraries/nextend2/smartslider/media/dist/smartslider-frontend.min1929.js]
[www.arhia.fr/images/brand_identity/logos/logo_199x74.png]
[www.arhia.fr/images/brand_identity/pictogrammes/Arhia_Picto_Appel_Orange.png]
[www.arhia.fr/offre.html]
[www.arhia.fr/tarifs.html]
[www.arhia.fr/actualites-social-et-paye.html]
[www.arhia.fr/about/vision-arhia.html]
[www.arhia.fr/about/team.html]
[www.arhia.fr/about/valeurs.html]
[www.arhia.fr/contact.html]
[www.arhia.fr/diagnostic-gratuit.html]
[arhia.fr/images/brand_identity/illustrations/Arhia_Illustrations_Orange-03.png]
[arhia.fr/images/brand_identity/illustrations/Arhia_Illustrations_Framboise-01.png]
[arhia.fr/images/brand_identity/illustrations/Arhia_Illustrations_Prune-02.png]
[www.arhia.fr/actualites-social-et-paye/50-declarations-et-dsn/150-le-bulletin-de-paie-simplifie-l-avenement.html]
[www.arhia.fr/images/brand_identity/pictogrammes/Arhia_Picto_Ordinateur_Orange.png]
[www.arhia.fr/offre-une-plateforme.html]
[www.arhia.fr/images/brand_identity/pictogrammes/Arhia_Picto_Astuce_Orange.png]
[www.arhia.fr/offre-une-prestation.html]
[www.arhia.fr/images/brand_identity/pictogrammes/Arhia_Picto_Personne_Orange.png]
[www.arhia.fr/offre-un-expert-dedie.html]
[www.arhia.fr/52-promesses-page-accueil/127-gagnez-du-temps.html]
[www.arhia.fr/52-promesses-page-accueil/128-reduisez-de-moitie-le-cout-de-gestion-de-vos-salaries.html]
[www.arhia.fr/52-promesses-page-accueil/144-eliminez-les-risques-de-contentieux-avec-vos-salaries-et-l-urssaf.html]
[www.arhia.fr/52-promesses-page-accueil/145-fluidifiez-votre-gestion-rh.html]
[arhia.fr/images/slider4/roundedrectangle.png]
[www.arhia.fr/templates/theme3167/js/jquery.stellar.min.js]
[www.arhia.fr/templates/theme3167/js/jquery.simplr.smoothscroll.min.js]
[www.arhia.fr/templates/theme3167/js/jquery.fancybox.pack.js]
[www.arhia.fr/templates/theme3167/js/jquery.fancybox-buttons.js]
[www.arhia.fr/templates/theme3167/js/jquery.fancybox-media.js]
[www.arhia.fr/templates/theme3167/js/jquery.fancybox-thumbs.js]
[www.arhia.fr/templates/theme3167/js/jquery.pep.js]
[www.arhia.fr/templates/theme3167/js/jquery.vide.min.js]
[www.arhia.fr/templates/theme3167/js/autosize.min.js]
[www.arhia.fr/index.html]
[www.arhia.fr/templates/theme3167/js/scripts.js]
[www.agence-me.com/img/og-img.png]
[www.agence-me.com/img/favicon/apple-icon-60x60.png]
[www.agence-me.com/img/favicon/apple-icon-72x72.png]
[www.agence-me.com/img/favicon/apple-icon-76x76.png]
[www.agence-me.com/img/favicon/apple-icon-114x114.png]
[www.agence-me.com/img/favicon/apple-icon-120x120.png]
[www.agence-me.com/img/favicon/apple-icon-144x144.png]
[www.agence-me.com/img/favicon/apple-icon-152x152.png]
[www.agence-me.com/img/favicon/apple-icon-180x180.png]
[www.agence-me.com/img/favicon/android-icon-192x192.png]
[www.agence-me.com/img/favicon/favicon-32x32.png]
[www.agence-me.com/img/favicon/favicon-96x96.png]
[www.agence-me.com/img/favicon/favicon-16x16.png]
[www.agence-me.com/index_FR.html]
[www.agence-me.com/index.html]
[www.agence-me.com/index_EN.html]
[fonts.googleapis.com/csse3e5.css]
[fonts.googleapis.com/css2275.css]
[fonts.googleapis.com/css4391.css]
[fonts.googleapis.com/css546d.css]
[www.trustpair.fr/apple-touch-icon.png]
[www.trustpair.fr/favicon-32x32.png]
[www.trustpair.fr/favicon-16x16.png]
[www.trustpair.fr/manifest.json]
[www.trustpair.fr/img/logos/trustpair-dark-background.png]
[www.trustpair.fr/public/img/pictos-ios-2980b9/combi-ticket.png]
[www.trustpair.fr/public/img/pictos-ios-2980b9/database.png]
[www.trustpair.fr/public/img/pictos-ios-2980b9/code-file.png]
[www.trustpair.fr/public/img/pictos-ios-2980b9/line-chart.png]
[www.trustpair.fr/public/img/pictos-ios-2980b9/user-group.png]
[www.trustpair.fr/public/img/pictos-ios-2980b9/automation.png]
[www.trustpair.fr/public/img/pictos-ios-2980b9/lock.png]
[www.trustpair.fr/public/img/pictos-ios-2980b9/security-checked.png]
[www.trustpair.fr/public/img/pictos-ios-2980b9/rocket.png]
[www.trustpair.fr/public/img/pictos-ios-2980b9/online-support.png]
[www.trustpair.fr/jobs.html]
[www.trustpair.fr/legal.html]
[www.trustpair.fr/vendor/jquery/jquery.min.js]
[www.trustpair.fr/vendor/bootstrap/js/bootstrap.min.js]
[www.trustpair.fr/js/jqBootstrapValidation.js]
[cdnjs.cloudflare.com/ajax/libs/jquery-easing/1.3/jquery.easing.min.js]
[www.trustpair.fr/js/contact_me.js]
[www.trustpair.fr/js/agency.min.js]
[www.trustpair.fr/index.html]
[myjoulebox.com/assets/css/main.css]
[myjoulebox.com/images/pic01.jpg]
[myjoulebox.com/images/pic02.gif]
[myjoulebox.com/images/fulls/01.jpg]
[myjoulebox.com/images/thumbs/01.jpg]
[myjoulebox.com/images/fulls/02.jpg]
[myjoulebox.com/images/thumbs/02.jpg]
[myjoulebox.com/images/fulls/03.jpg]
[myjoulebox.com/images/thumbs/03.jpg]
[myjoulebox.com/images/fulls/04.jpg]
[myjoulebox.com/images/thumbs/04.jpg]
[myjoulebox.com/images/fulls/05.jpg]
[myjoulebox.com/images/thumbs/05.jpg]
[myjoulebox.com/images/fulls/06.jpg]
[myjoulebox.com/images/thumbs/06.jpg]
[myjoulebox.com/images/fulls/07.jpg]
[myjoulebox.com/images/thumbs/07.jpg]
[myjoulebox.com/images/fulls/08.jpg]
[myjoulebox.com/images/thumbs/08.jpg]
[myjoulebox.com/assets/js/jquery.scrolly.min.js]
[myjoulebox.com/assets/js/jquery.min.js]
[myjoulebox.com/assets/js/jquery.poptrox.min.js]
[myjoulebox.com/assets/js/skel.min.js]
[myjoulebox.com/assets/js/util.js]
[myjoulebox.com/index.html]
[myjoulebox.com/assets/js/main.js]
[fonts.googleapis.com/cssd2d5.css]
[s.w.org/index.html]
[shardest.com/wp-content/cache/autoptimize/css/autoptimize_2a95180196b97b91709ab5d6cc18e7f3.css]
[shardest.com/xmlrpc.php]
[shardest.com/wp-json/oembed/1.0/embed247b.json]
[shardest.com/index2d5a.html]
[shardest.com/privacy.html]
[shardest.com/wp-admin/admin-ajax.html]
[fonts.googleapis.com/cssaa4a.css]
[fonts.googleapis.com/css047c.css]
[fonts.googleapis.com/css9dc9.css]
[shardest.com/wp-json/oembed/1.0/embed9608]
[fonts.googleapis.com/css029a.css]
[res.cloudinary.com/hrscywv4p/image/upload/c_limit,fl_lossy,h_9000,w_1200,f_auto,q_auto/v1/316385/desty_Transparent_1_aqrezt.png]
[res.cloudinary.com/hrscywv4p/image/upload/c_limit,fl_lossy,h_1440,w_720,f_auto,q_auto/v1/316385/52784f2a-c4d4-42fa-83c8-df06804bb032_inwdi0.png]
[res.cloudinary.com/hrscywv4p/image/upload/c_limit,fl_lossy,h_1440,w_720,f_auto,q_auto/v1/316385/5c9bdc3c-b0e3-4390-93ba-a8f8fbd0dbef_qotuqw.png]
[shardest.com/wp-content/plugins/divi-overlays/ajax-handler-wp.php]
[res.cloudinary.com/hrscywv4p/image/upload/c_limit,fl_lossy,h_1440,w_720,f_auto,q_auto/v1/316385/f59cebd8-2d81-45bc-bfa3-b30175fccce0_gzppev.png]
[res.cloudinary.com/hrscywv4p/image/upload/c_limit,fl_lossy,h_9000,w_1200,f_auto,q_auto/v1/316385/e274341a-4333-4daa-aaf8-ab4464a06a72_hnkwdd.png]
[res.cloudinary.com/hrscywv4p/image/upload/c_limit,fl_lossy,h_9000,w_1200,f_auto,q_auto/v1/316385/1b44cf94-b922-46b2-8c74-64e9c28619d2_j8ojum.png]
[res.cloudinary.com/hrscywv4p/image/upload/c_limit,fl_lossy,h_9000,w_1200,f_auto,q_auto/v1/316385/ecd93783-4d9d-488c-834f-69e677a5a8dd_gkyaio.png]
[res.cloudinary.com/hrscywv4p/image/upload/c_limit,fl_lossy,h_9000,w_1200,f_auto,q_auto/v1/316385/2e5ce93d-4020-4850-806e-1810714a8590_uqsp2f.png]
[res.cloudinary.com/hrscywv4p/image/upload/c_limit,fl_lossy,h_9000,w_1200,f_auto,q_auto/v1/316385/f8db9691-f10a-4ad7-af88-f97e33a034e0_kh5d6h.png]
[res.cloudinary.com/hrscywv4p/image/upload/c_limit,fl_lossy,h_9000,w_1200,f_auto,q_auto/v1/316385/b674d30a-d17e-4c90-8fd5-8269304fb609_e6sz2j.png]
[res.cloudinary.com/hrscywv4p/image/upload/c_limit,fl_lossy,h_9000,w_1200,f_auto,q_auto/v1/316385/671b90b8-416f-4ade-9e41-128e10d4f534_zg6srv.png]
[res.cloudinary.com/hrscywv4p/image/upload/c_limit,fl_lossy,h_9000,w_1200,f_auto,q_auto/v1/316385/a634ecc2-d60f-438f-b9fc-0a4b8fa6c321_z9i5pd.png]
[res.cloudinary.com/hrscywv4p/image/upload/c_limit,fl_lossy,h_9000,w_1200,f_auto,q_auto/v1/316385/c5faeb55-abd2-4556-9825-090c2f62c6b9_tn8q2d.png]
[res.cloudinary.com/hrscywv4p/image/upload/c_limit,fl_lossy,h_9000,w_1200,f_auto,q_auto/v1/316385/4d9a23cc-babf-4668-949a-9d2c9bf83c36_vvxw15.png]
[res.cloudinary.com/hrscywv4p/image/upload/c_limit,fl_lossy,h_1440,w_720,f_auto,q_auto/v1/316385/Zendesk2x_HD_f434ez.png]
[res.cloudinary.com/hrscywv4p/image/upload/c_limit,fl_lossy,h_1440,w_720,f_auto,q_auto/v1/316385/SalesForce2x_HD_n5iocx.png]
[res.cloudinary.com/hrscywv4p/image/upload/c_limit,fl_lossy,h_1440,w_720,f_auto,q_auto/v1/316385/Dimelo2x_HD_hkczfr.png]
[res.cloudinary.com/hrscywv4p/image/upload/c_fill,fl_lossy,h_200,w_200,f_auto,g_faces_auto,q_auto/v1/316385/GroupHD_csyshw.png]
[res.cloudinary.com/hrscywv4p/image/upload/c_fill,fl_lossy,h_200,w_200,f_auto,g_faces_auto,q_auto/v1/316385/Group_11HD_uttdis.png]
[res.cloudinary.com/hrscywv4p/image/upload/c_fill,fl_lossy,h_200,w_200,f_auto,g_faces_auto,q_auto/v1/316385/Group_9HD_eqvxd8.png]
[res.cloudinary.com/hrscywv4p/image/upload/c_fill,fl_lossy,h_200,w_200,f_auto,g_faces_auto,q_auto/v1/316385/Group_4HD_gsol0w.png]
[res.cloudinary.com/hrscywv4p/image/upload/c_fill,fl_lossy,h_200,w_200,f_auto,g_faces_auto,q_auto/v1/316385/Group_8HD_m5ohli.png]
[res.cloudinary.com/hrscywv4p/image/upload/c_fill,fl_lossy,h_200,w_200,f_auto,g_faces_auto,q_auto/v1/316385/Group_10HD_scjgn6.png]
[res.cloudinary.com/hrscywv4p/image/upload/c_fill,fl_lossy,h_200,w_200,f_auto,g_faces_auto,q_auto/v1/316385/Group_5HD_savzyb.png]
[res.cloudinary.com/hrscywv4p/image/upload/c_fill,fl_lossy,h_200,w_200,f_auto,g_faces_auto,q_auto/v1/316385/Group_7HD_riuy2z.png]
[res.cloudinary.com/hrscywv4p/image/upload/c_fill,fl_lossy,h_200,w_200,f_auto,g_faces_auto,q_auto/v1/316385/Group_2HD_yhgwgf.png]
[res.cloudinary.com/hrscywv4p/image/upload/c_fill,fl_lossy,h_200,w_200,f_auto,g_faces_auto,q_auto/v1/316385/Group_6HD_ip16qh.png]
[www.destygo.com/technology.html]
[res.cloudinary.com/hrscywv4p/image/upload/c_fill,fl_lossy,h_200,w_200,f_auto,g_faces_auto,q_auto/v1/316385/Group_3HD_afzx7w.png]
[res.cloudinary.com/hrscywv4p/image/upload/c_limit,fl_lossy,h_9000,w_1200,f_auto,q_auto/v1/316385/aa575bcb-4807-474b-bcad-34c877201653_lhrnnn.png]
[res.cloudinary.com/hrscywv4p/image/upload/c_limit,fl_lossy,h_9000,w_1200,f_auto,q_auto/v1/316385/56738ff3-d5f0-47e1-acd8-63e0260c88ba_nrfv1q.png]
[res.cloudinary.com/hrscywv4p/image/upload/c_limit,fl_lossy,h_9000,w_1200,f_auto,q_auto/v1/316385/4a452cf6-df8f-400e-8d99-3a1afd9bfb24_c8h1bs.png]
[res.cloudinary.com/hrscywv4p/image/upload/c_limit,fl_lossy,h_1440,w_720,f_auto,q_auto/v1/316385/9afa343a-9e9f-476b-abe5-05f7ad88979f_v6wtho.png]
[res.cloudinary.com/hrscywv4p/image/upload/c_limit,fl_lossy,h_1440,w_720,f_auto,q_auto/v1/316385/f64dbd5a-29df-41c8-8bc3-44b625fc4220_gflklb.png]
[res.cloudinary.com/hrscywv4p/image/upload/c_limit,fl_lossy,h_1440,w_720,f_auto,q_auto/v1/316385/c5877132-d683-4bba-9cbf-7a9e1a87c2a7_isiwse.png]
[res.cloudinary.com/hrscywv4p/image/upload/c_limit,fl_lossy,h_1440,w_720,f_auto,q_auto/v1/316385/97603542-daa2-49fe-a6a1-f44d3323e37c_t631pj.png]
[res.cloudinary.com/hrscywv4p/image/upload/c_limit,fl_lossy,h_1440,w_720,f_auto,q_auto/v1/316385/7b5b0b6b-aec9-4308-b8cb-fd007c9a289d_hwp45p.png]
[res.cloudinary.com/hrscywv4p/image/upload/c_limit,fl_lossy,h_1440,w_720,f_auto,q_auto/v1/316385/d0c0ddcf-3359-40de-afb2-0f3b18ecadb7_jmezfo.png]
[res.cloudinary.com/hrscywv4p/image/upload/c_limit,fl_lossy,h_1440,w_720,f_auto,q_auto/v1/316385/8c32774d-cc7b-4c04-afa3-98ea1ca48b5e_ipgw5v.png]
[res.cloudinary.com/hrscywv4p/image/upload/c_limit,fl_lossy,h_1440,w_720,f_auto,q_auto/v1/316385/570d85ac-a779-43a5-85dd-c01facbb0952_bhv41h.png]
[res.cloudinary.com/hrscywv4p/image/upload/c_limit,fl_lossy,h_1440,w_720,f_auto,q_auto/v1/316385/ca8ca44a-1180-492d-a466-478242870d71_ivnixr.png]
[res.cloudinary.com/hrscywv4p/image/upload/c_limit,fl_lossy,h_1440,w_720,f_auto,q_auto/v1/316385/c31cf8ef-0883-43f2-814e-cee3d30c4d79_dzl8du.png]
[res.cloudinary.com/hrscywv4p/image/upload/c_limit,fl_lossy,h_1440,w_720,f_auto,q_auto/v1/316385/47b91124-1729-4f2c-b332-be14d9acd9e9_juhe1k.png]
[res.cloudinary.com/hrscywv4p/image/upload/c_limit,fl_lossy,h_9000,w_1200,f_auto,q_auto/v1/316385/Accor_Background_ready_V1_s0jx9z.png]
[res.cloudinary.com/hrscywv4p/image/upload/c_limit,fl_lossy,h_9000,w_1200,f_auto,q_auto/v1/316385/Pole_Capital_Background_ready_V1_mbls2a.png]
[res.cloudinary.com/hrscywv4p/image/upload/c_limit,fl_lossy,h_1440,w_720,f_auto,q_auto/v1/316385/1a3edf8a-9543-4fad-a5ab-26384c2802b4_vzqkun.png]
[res.cloudinary.com/hrscywv4p/image/upload/c_limit,fl_lossy,h_1440,w_720,f_auto,q_auto/v1/316385/de31eca0-a7a8-4db8-a038-9b9dc398454d_z2haz4.png]
[res.cloudinary.com/hrscywv4p/image/upload/c_limit,fl_lossy,h_1440,w_720,f_auto,q_auto/v1/316385/bae1366b-4cbb-4e06-8111-23c09127c122_sdzjok.png]
[res.cloudinary.com/hrscywv4p/image/upload/c_limit,fl_lossy,h_1440,w_720,f_auto,q_auto/v1/316385/thomasphoto_-_B_W_zfvfp8.png]
[res.cloudinary.com/hrscywv4p/image/upload/c_limit,fl_lossy,h_1440,w_720,f_auto,q_auto/v1/316385/6d09f557-dcad-40e3-8d14-b274e81f240f_c5gbeh.png]
[res.cloudinary.com/hrscywv4p/image/upload/c_limit,fl_lossy,h_1440,w_720,f_auto,q_auto/v1/316385/548ad783-cc82-4b74-b4b3-1fd39c3e5d51_zdses5.png]
[res.cloudinary.com/hrscywv4p/image/upload/c_limit,fl_lossy,h_1440,w_720,f_auto,q_auto/v1/316385/07a71e8c-71f1-4f7e-91f5-5e6dabd028d5_d17xzw.png]
[res.cloudinary.com/hrscywv4p/image/upload/c_limit,fl_lossy,h_1440,w_720,f_auto,q_auto/v1/316385/c00b1001-5c02-4cf4-9dbe-125a7965ede2_fipjtu.png]
[res.cloudinary.com/hrscywv4p/image/upload/c_limit,fl_lossy,h_1440,w_720,f_auto,q_auto/v1/316385/André_Raoul_aucs5j.png]
[www.destygo.com/about.html]
[www.destygo.com/demo.html]
[www.destygo.com/careers.html]
[res.cloudinary.com/hrscywv4p/image/upload/c_limit,fl_lossy,h_9000,w_1200,f_auto,q_auto/v1/316385/logo_groupe_en_lcuimu.png]
[www.destygo.com/use-case.html]
[res.cloudinary.com/hrscywv4p/image/upload/c_limit,fl_lossy,h_1440,w_720,f_auto,q_auto/v1/316385/Pricing_Startup_V2_No_border_HD_vnqmxd.png]
[res.cloudinary.com/hrscywv4p/image/upload/c_limit,fl_lossy,h_1440,w_720,f_auto,q_auto/v1/316385/Pricing_SMEs_V2_No_border_HD_jrazja.png]
[www.destygo.com/pricing.html]
[res.cloudinary.com/hrscywv4p/image/upload/c_limit,fl_lossy,h_1440,w_720,f_auto,q_auto/v1/316385/Pricing_Corporate_V2_No_Border_HD_u2tabg.png]
[res.cloudinary.com/hrscywv4p/image/upload/c_limit,fl_lossy,h_9000,w_1200,f_auto,q_auto/v1/316385/Side_BOS_Desktop_wtymst.png]
[res.cloudinary.com/hrscywv4p/image/upload/c_limit,fl_lossy,h_9000,w_1200,f_auto,q_auto/v1/316385/22afe13d-7c7e-452d-a703-0c65d9b6b2bf_p9nr82.png]
[res.cloudinary.com/hrscywv4p/image/upload/c_limit,fl_lossy,h_9000,w_1200,f_auto,q_auto/v1/316385/55023070-01d1-4088-b94a-3d91c72bb63b_bhjvfa.png]
[res.cloudinary.com/hrscywv4p/image/upload/c_limit,fl_lossy,h_9000,w_1200,f_auto,q_auto/v1/316385/a70c856b-f29a-4ad0-a5b4-a042d424289a_v8xbhd.png]
[res.cloudinary.com/hrscywv4p/image/upload/c_limit,fl_lossy,h_9000,w_1200,f_auto,q_auto/v1/316385/Capture_d_écran_2017-06-22_09.16.10_i7ft6t.png]
[www.destygo.com/preferred-partner.html]
[www.destygo.com/press.html]
[res.cloudinary.com/hrscywv4p/image/upload/c_limit,fl_lossy,h_9000,w_1200,f_auto,q_auto/v1/316385/31f84f9a-f983-4328-a2bd-de3464fda876_cupnkz.png]
[fonts.googleapis.com/cssf755.css]
[fonts.googleapis.com/css33d1.css]
[fonts.googleapis.com/css37b6.css]
[fonts.googleapis.com/css0733.css]
[www.arhia.fr/templates/theme3167/css/offres.css]
[www.arhia.fr/offre.html]
[www.arhia.fr/components/com_formmaker/views/formmaker/tmpl/jquery-ui-spinner.css]
[www.arhia.fr/media/system/css/calendar-jos.css]
[www.arhia.fr/images/brand_identity/pictogrammes/Arhia_Picto_Economie_Orange.png]
[www.arhia.fr/tarifs.html]
[www.arhia.fr/actualites-social-et-payedcab.feed]
[www.arhia.fr/actualites-social-et-paye.html]
[www.arhia.fr/actualites-social-et-payeb550.feed]
[www.arhia.fr/about/vision-arhiadcab.feed]
[www.arhia.fr/about/vision-arhia.html]
[www.arhia.fr/about/vision-arhiab550.feed]
[www.arhia.fr/about/teamdcab.feed]
[www.arhia.fr/about/teamb550.feed]
[www.arhia.fr/images/team/brankica/Photo_BPC_1_w178_h267.jpg]
[www.arhia.fr/about/team.html]
[www.arhia.fr/images/team/arnaud/ABE_1_w200_h267.jpg]
[www.arhia.fr/about/valeursdcab.feed]
[www.arhia.fr/about/valeurs.html]
[www.arhia.fr/about/valeursb550.feed]
[www.arhia.fr/images/brand_identity/pictogrammes/Arhia_Picto_Contact_Orange.png]
[www.arhia.fr/contact.html]
[www.arhia.fr/images/brand_identity/illustrations/Arhia_Illustrations_Orange-03_medium_w500.png]
[www.arhia.fr/diagnostic-gratuit.html]
[lh3.googleusercontent.com/image00.jpg]
[lh3.googleusercontent.com/image02.png]
[www.arhia.fr/actualites-social-et-paye/50-declarations-et-dsn/150-le-bulletin-de-paie-simplifie-l-avenement.html]
[lh5.googleusercontent.com/image03.png]
[www.arhia.fr/images/brand_identity/pictogrammes/Arhia_Picto_Tableau_Orange.png]
[www.arhia.fr/images/brand_identity/pictogrammes/Arhia_Picto_Parametres_Orange.png]
[www.arhia.fr/images/brand_identity/pictogrammes/Arhia_Picto_Temps_Activites_Orange.png]
[www.arhia.fr/images/brand_identity/pictogrammes/Arhia_Picto_Entree_Orange.png]
[www.arhia.fr/images/brand_identity/pictogrammes/Arhia_Picto_Absence_Orange.png]
[www.arhia.fr/images/brand_identity/pictogrammes/Arhia_Picto_Solde_De_Tout_Compte_Orange.png]
[www.arhia.fr/images/brand_identity/pictogrammes/Arhia_Picto_Direction_Orange.png]
[www.arhia.fr/images/brand_identity/pictogrammes/Arhia_Picto_Diagnostic_Orange.png]
[www.arhia.fr/images/brand_identity/pictogrammes/Arhia_Picto_Data_Orange.png]
[www.arhia.fr/offre-une-plateforme.html]
[www.arhia.fr/images/brand_identity/pictogrammes/Arhia_Picto_Imprimante_Orange.png]
[www.arhia.fr/offre-une-prestation.html]
[www.arhia.fr/images/brand_identity/illustrations/AHRIA_Perimetre_Intervention_170113.png]
[www.arhia.fr/images/brand_identity/pictogrammes/Arhia_Picto_Remarque_Orange.png]
[www.arhia.fr/offre-un-expert-dedie.html]
[www.arhia.fr/images/brand_identity/pictogrammes/Arhia_Picto_Idee_Orange.png]
[www.arhia.fr/52-promesses-page-accueil/127-gagnez-du-temps.html]
[www.arhia.fr/images/brand_identity/pictogrammes/Arhia_Picto_Especes_Orange.png]
[www.arhia.fr/52-promesses-page-accueil/128-reduisez-de-moitie-le-cout-de-gestion-de-vos-salaries.html]
[www.arhia.fr/images/brand_identity/pictogrammes/Arhia_Picto_Avertissement_Orange.png]
[www.arhia.fr/images/copies_ecran/synthese-mensuelle-1_600.png]
[www.arhia.fr/52-promesses-page-accueil/144-eliminez-les-risques-de-contentieux-avec-vos-salaries-et-l-urssaf.html]
[www.arhia.fr/images/brand_identity/pictogrammes/Arhia_Picto_Process_Orange.png]
[www.arhia.fr/images/copies_ecran/dashboard-1_400.png]
[www.arhia.fr/52-promesses-page-accueil/145-fluidifiez-votre-gestion-rh.html]
[www.agence-me.com/css/style_desktop.css]
[www.agence-me.com/css/style_responsive.css]
[www.agence-me.com/thumb/css/style_desktop.css]
[www.agence-me.com/thumb/css/style_responsive.css]
[www.agence-me.com/header-g/css/style_desktop.css]
[www.agence-me.com/header-g/css/style_responsive.css]
[www.agence-me.com/footer-g/css/style_desktop.css]
[www.agence-me.com/footer-g/css/style_responsive.css]
[www.agence-me.com/img/work-chauffeur-prive/chauffeur-prive-1.jpg]
[www.agence-me.com/img/work-chauffeur-prive/chauffeur-prive-2.jpg]
[www.agence-me.com/img/work-thoughtspot/thoughtspot-1.jpg]
[www.agence-me.com/img/work-thoughtspot/thoughtspot-2.jpg]
[www.agence-me.com/img/work-thoughtspot/thoughtspot-3.jpg]
[www.agence-me.com/img/work-orange/orange-1.jpg]
[www.agence-me.com/img/work-orange/orange-2.jpg]
[www.agence-me.com/img/our-vision-cover.png]
[www.agence-me.com/img/logo/ThoughtSpot-logo-quote.png]
[www.agence-me.com/img/logo/xola-logo-quote.png]
[www.agence-me.com/img/logo/Orange-logo-quote.png]
[www.agence-me.com/img/logo/chauffeur-prive-logo-quote.png]
[www.agence-me.com/img/logo/engie-logo-quote.png]
[www.agence-me.com/img/logo/logo-omc.png]
[www.agence-me.com/img/logo/study.png]
[www.agence-me.com/index_FR.html]
[www.agence-me.com/index_EN.html]
[fonts.googleapis.com/csse3e5.css]
[fonts.googleapis.com/css2275.css]
[fonts.googleapis.com/css4391.css]
[fonts.googleapis.com/css546d.css]
[www.trustpair.fr/public/img/pictos-ios-2980b9/steve-jobs.png]
[www.trustpair.fr/public/img/pictos-ios-2980b9/handshake.png]
[www.trustpair.fr/public/img/pictos-ios-2980b9/code.png]
[www.trustpair.fr/jobs.html]
[www.trustpair.fr/img/logos/trustpair-light-background.png]
[www.trustpair.fr/legal.html]
[shardest.com/xmlrpc.php]
[shardest.com/index2d5a.html]
[fonts.googleapis.com/css029a.css]
[shardest.com/wp-content/plugins/divi-overlays/ajax-handler-wp.php]
[shardest.com/wp-content/cache/autoptimize/css/autoptimize_0dcfddb35fe0b16544dd4b297bd40458.css]
[shardest.com/wp-json/index.html]
[shardest.com/wp-includes/css/dashicons.minee45.css]
[shardest.com/feed]
[maxcdn.bootstrapcdn.com/font-awesome/4.6.3/css/font-awesome.min.css]
[connect.facebook.net/en_US/sdk.js]
[shardest.com/wp-content/uploads/2017/12/shardest-transparent-1.png]
[shardest.com/wp-content/uploads/2017/10/shardest.-logo-1.png]
[www.destygo.com/i/pwa/manifest.json]
[fonts.googleapis.com/cssaa4a.css]
[res.cloudinary.com/hrscywv4p/image/upload/c_limit,fl_lossy,h_64,w_64,f_auto,q_auto/v1/316385/Favicon_32x32_r8evvt.png]
[res.cloudinary.com/hrscywv4p/image/upload/c_limit,fl_lossy,h_60,w_60,f_auto,q_auto/v1/316385/smartmockups-digital_bundle_39_hxv65p.png]
[res.cloudinary.com/hrscywv4p/image/upload/c_limit,fl_lossy,h_300,w_300,f_auto,q_auto/v1/316385/logo_destygo_3_fin2x_hz0o15.png]
[res.cloudinary.com/hrscywv4p/image/upload/c_limit,fl_lossy,h_76,w_76,f_auto,q_auto/v1/316385/smartmockups-digital_bundle_39_hxv65p.png]
[res.cloudinary.com/hrscywv4p/image/upload/c_limit,fl_lossy,h_300,w_300,f_auto,q_auto/v1/316385/Logo_fin_nlorl1.png]
[res.cloudinary.com/hrscywv4p/image/upload/c_limit,fl_lossy,h_1500,w_2000,f_auto,q_auto/v1/316385/Landing_Try_9_Group2x_HD_k858cu.png]
[res.cloudinary.com/hrscywv4p/image/upload/c_limit,fl_lossy,h_1440,w_720,f_auto,q_auto/v1/316385/09c298a3-50ff-40f0-8425-41edea1832fa_xtjiay.png]
[res.cloudinary.com/hrscywv4p/image/upload/c_limit,fl_lossy,h_1440,w_720,f_auto,q_auto/v1/316385/e6786d00-fe1a-4e0a-a136-222603ed60b1_rhwqbk.png]
[res.cloudinary.com/hrscywv4p/image/upload/c_limit,fl_lossy,h_1440,w_720,f_auto,q_auto/v1/316385/e887904b-2a92-4afb-a4df-d57cf7669f26_z3s8vx.png]
[res.cloudinary.com/hrscywv4p/image/upload/c_limit,fl_lossy,h_1440,w_720,f_auto,q_auto/v1/316385/36282628-a40f-47dd-b3c0-4d8e7ddc2270_kyiomg.png]
[res.cloudinary.com/hrscywv4p/image/upload/c_limit,fl_lossy,h_1440,w_720,f_auto,q_auto/v1/316385/2fc183ed-4529-43fd-872a-c19a675ea88a_ttgecv.png]
[res.cloudinary.com/hrscywv4p/image/upload/c_limit,fl_lossy,h_1440,w_720,f_auto,q_auto/v1/316385/0a563fe2-2b53-41a4-ac7d-acfcf64506c7_ddkdan.png]
[res.cloudinary.com/hrscywv4p/image/upload/c_limit,fl_lossy,h_1440,w_720,f_auto,q_auto/v1/316385/017d9072-1c4f-45b4-8079-2aaaa0cdc7cb_lrffdw.png]
[js.hs-scripts.com/2424045.js]
[www.arhia.fr/indexc0d0.html]
[www.arhia.fr/index7b17.html]
[www.destygo.com/technology.html]
[www.destygo.com/use-case.html]
[d15qhc0lu1ghnk.cloudfront.net/beacon.js]
[www.arhia.fr/templates/theme3167/css/layout.css]
[www.arhia.fr/templates/theme3167/css/jquery.fancybox.css]
[www.arhia.fr/templates/theme3167/css/jquery.fancybox-buttons.css]
[www.arhia.fr/templates/theme3167/css/jquery.fancybox-thumbs.css]
[www.arhia.fr/templates/theme3167/css/template.css]
[www.arhia.fr/templates/theme3167/html/mod_icemegamenu/css/default_icemegamenu.css]
[www.arhia.fr/templates/theme3167/html/mod_icemegamenu/css/default_icemegamenu-reponsive.css]
[www.arhia.fr/templates/theme3167/html/mod_icemegamenu/css/navbar.css]
[www.arhia.fr/plugins/system/fmalertcookies/assets/css/bootstrap.min.css]
[www.arhia.fr/plugins/system/fmalertcookies/assets/css/custom.css]
[www.arhia.fr/media/nextend/n2-ss-3/n2-ss-39c22.css]
[www.arhia.fr/media/nextend/n2-ss-4/n2-ss-4afbe.css]
[res.cloudinary.com/hrscywv4p/image/upload/c_limit,fl_lossy,h_120,w_120,f_auto,q_auto/v1/316385/smartmockups-digital_bundle_39_hxv65p.png]
[www.arhia.fr/offre.html]
[www.arhia.fr/actualites-social-et-paye/50-declarations-et-dsn/150-le-bulletin-de-paie-simplifie-l-avenement.html]
[www.arhia.fr/offre-une-plateforme.html]
[www.arhia.fr/offre-une-prestation.html]
[res.cloudinary.com/hrscywv4p/image/upload/c_limit,fl_lossy,h_152,w_152,f_auto,q_auto/v1/316385/smartmockups-digital_bundle_39_hxv65p.png]
[www.arhia.fr/offre-un-expert-dedie.html]
[www.agence-me.com/img/apple-icon-57x57.html]
[www.trustpair.fr/apple-touch-icon.png]
[www.trustpair.fr/favicon-32x32.png]
[www.trustpair.fr/favicon-16x16.png]
[www.trustpair.fr/manifest.json]
[www.trustpair.fr/img/logos/trustpair-dark-background.png]
[www.trustpair.fr/public/img/pictos-ios-2980b9/combi-ticket.png]
[www.trustpair.fr/public/img/pictos-ios-2980b9/database.png]
[www.trustpair.fr/public/img/pictos-ios-2980b9/code-file.png]
[www.trustpair.fr/public/img/pictos-ios-2980b9/line-chart.png]
[www.trustpair.fr/public/img/pictos-ios-2980b9/user-group.png]
[www.trustpair.fr/public/img/pictos-ios-2980b9/automation.png]
[www.trustpair.fr/public/img/pictos-ios-2980b9/lock.png]
[www.trustpair.fr/public/img/pictos-ios-2980b9/security-checked.png]
[www.agence-me.com/index_FR.html]
[www.trustpair.fr/public/img/pictos-ios-2980b9/rocket.png]
[www.googletagmanager.com/gtm5445.html]
[www.trustpair.fr/vendor/bootstrap/css/bootstrap.min.css]
[www.trustpair.fr/public/img/pictos-ios-2980b9/online-support.png]
[www.trustpair.fr/vendor/bootstrap/js/bootstrap.min.js]
[www.trustpair.fr/vendor/jquery/jquery.min.js]
[www.trustpair.fr/vendor/font-awesome/css/font-awesome.min.css]
[www.trustpair.fr/css/agency.min.css]
[www.trustpair.fr/js/jqBootstrapValidation.js]
[www.trustpair.fr/js/contact_me.js]
[www.trustpair.fr/js/agency.min.js]
[www.trustpair.fr/safari-pinned-tab.svg]
[myjoulebox.com/images/pic01.jpg]
[www.trustpair.fr/jobs.html]
[myjoulebox.com/images/pic02.gif]
[myjoulebox.com/images/fulls/01.jpg]
[cdnjs.cloudflare.com/ajax/libs/jquery-easing/1.3/jquery.easing.min.js]
[myjoulebox.com/assets/css/main.css]
[myjoulebox.com/images/thumbs/01.jpg]
[res.cloudinary.com/hrscywv4p/image/upload/c_limit,fl_lossy,h_9000,w_1200,f_auto,q_auto/v1/316385/desty_Transparent_1_aqrezt.png]
[res.cloudinary.com/hrscywv4p/image/upload/c_limit,fl_lossy,h_1440,w_720,f_auto,q_auto/v1/316385/52784f2a-c4d4-42fa-83c8-df06804bb032_inwdi0.png]
[res.cloudinary.com/hrscywv4p/image/upload/c_limit,fl_lossy,h_1440,w_720,f_auto,q_auto/v1/316385/5c9bdc3c-b0e3-4390-93ba-a8f8fbd0dbef_qotuqw.png]
[shardest.com/wp-json/oembed/1.0/embed247b.json]
[res.cloudinary.com/hrscywv4p/image/upload/c_limit,fl_lossy,h_1440,w_720,f_auto,q_auto/v1/316385/f59cebd8-2d81-45bc-bfa3-b30175fccce0_gzppev.png]
[res.cloudinary.com/hrscywv4p/image/upload/c_limit,fl_lossy,h_9000,w_1200,f_auto,q_auto/v1/316385/e274341a-4333-4daa-aaf8-ab4464a06a72_hnkwdd.png]
[res.cloudinary.com/hrscywv4p/image/upload/c_limit,fl_lossy,h_9000,w_1200,f_auto,q_auto/v1/316385/1b44cf94-b922-46b2-8c74-64e9c28619d2_j8ojum.png]
[res.cloudinary.com/hrscywv4p/image/upload/c_limit,fl_lossy,h_9000,w_1200,f_auto,q_auto/v1/316385/ecd93783-4d9d-488c-834f-69e677a5a8dd_gkyaio.png]
[res.cloudinary.com/hrscywv4p/image/upload/c_limit,fl_lossy,h_9000,w_1200,f_auto,q_auto/v1/316385/2e5ce93d-4020-4850-806e-1810714a8590_uqsp2f.png]
[res.cloudinary.com/hrscywv4p/image/upload/c_limit,fl_lossy,h_9000,w_1200,f_auto,q_auto/v1/316385/f8db9691-f10a-4ad7-af88-f97e33a034e0_kh5d6h.png]
[res.cloudinary.com/hrscywv4p/image/upload/c_limit,fl_lossy,h_9000,w_1200,f_auto,q_auto/v1/316385/b674d30a-d17e-4c90-8fd5-8269304fb609_e6sz2j.png]
[res.cloudinary.com/hrscywv4p/image/upload/c_limit,fl_lossy,h_9000,w_1200,f_auto,q_auto/v1/316385/671b90b8-416f-4ade-9e41-128e10d4f534_zg6srv.png]
[shardest.com/xmlrpc.php]
[shardest.com/xmlrpc.php]
[shardest.com/wp-content/cache/autoptimize/css/autoptimize_2a95180196b97b91709ab5d6cc18e7f3.css]
[shardest.com/wp-json/oembed/1.0/embed9608]
[res.cloudinary.com/hrscywv4p/image/upload/c_limit,fl_lossy,h_9000,w_1200,f_auto,q_auto/v1/316385/a634ecc2-d60f-438f-b9fc-0a4b8fa6c321_z9i5pd.png]
[fonts.googleapis.com/css029a.css]
[res.cloudinary.com/hrscywv4p/image/upload/c_limit,fl_lossy,h_9000,w_1200,f_auto,q_auto/v1/316385/c5faeb55-abd2-4556-9825-090c2f62c6b9_tn8q2d.png]
[res.cloudinary.com/hrscywv4p/image/upload/c_limit,fl_lossy,h_1440,w_720,f_auto,q_auto/v1/316385/97603542-daa2-49fe-a6a1-f44d3323e37c_t631pj.png]
[res.cloudinary.com/hrscywv4p/image/upload/c_limit,fl_lossy,h_1440,w_720,f_auto,q_auto/v1/316385/7b5b0b6b-aec9-4308-b8cb-fd007c9a289d_hwp45p.png]
[res.cloudinary.com/hrscywv4p/image/upload/c_limit,fl_lossy,h_1440,w_720,f_auto,q_auto/v1/316385/d0c0ddcf-3359-40de-afb2-0f3b18ecadb7_jmezfo.png]
[res.cloudinary.com/hrscywv4p/image/upload/c_limit,fl_lossy,h_1440,w_720,f_auto,q_auto/v1/316385/570d85ac-a779-43a5-85dd-c01facbb0952_bhv41h.png]
[res.cloudinary.com/hrscywv4p/image/upload/c_limit,fl_lossy,h_1440,w_720,f_auto,q_auto/v1/316385/ca8ca44a-1180-492d-a466-478242870d71_ivnixr.png]
[www.arhia.fr/templates/theme3167/css/offres.css]
[res.cloudinary.com/hrscywv4p/image/upload/c_limit,fl_lossy,h_9000,w_1200,f_auto,q_auto/v1/316385/Accor_Background_ready_V1_s0jx9z.png]
[res.cloudinary.com/hrscywv4p/image/upload/c_limit,fl_lossy,h_1440,w_720,f_auto,q_auto/v1/316385/c00b1001-5c02-4cf4-9dbe-125a7965ede2_fipjtu.png]
[www.arhia.fr/components/com_formmaker/views/formmaker/tmpl/jquery-ui-spinner.css]
[www.arhia.fr/media/system/css/calendar-jos.css]
[www.arhia.fr/actualites-social-et-payedcab.feed]
[www.arhia.fr/actualites-social-et-payeb550.feed]
[www.agence-me.com/css/style_desktop.css]
[www.agence-me.com/css/style_responsive.css]
[www.agence-me.com/thumb/css/style_desktop.css]
[www.agence-me.com/thumb/css/style_responsive.css]
[www.agence-me.com/header-g/css/style_desktop.css]
[www.agence-me.com/header-g/css/style_responsive.css]
[www.agence-me.com/footer-g/css/style_desktop.css]
[www.agence-me.com/footer-g/css/style_responsive.css]
[res.cloudinary.com/hrscywv4p/image/upload/c_limit,fl_lossy,h_630,w_1200,f_auto,q_auto/v1/316385/smartmockups-digital_bundle_39_hxv65p.png]
[res.cloudinary.com/hrscywv4p/image/upload/c_limit,fl_lossy,h_9000,w_1200,f_auto,q_auto/v1/316385/Logos_clients_myxhwg.png]
[res.cloudinary.com/hrscywv4p/image/upload/c_limit,fl_lossy,h_1440,w_720,f_auto,q_auto/v1/316385/2db522cc-1c29-4f39-b002-3b0b61311a05_swqinu.png]
[res.cloudinary.com/hrscywv4p/image/upload/c_limit,fl_lossy,h_1440,w_720,f_auto,q_auto/v1/316385/8c0fa59d-3c46-4316-a197-097567ce02c6_tedepo.png]
[res.cloudinary.com/hrscywv4p/image/upload/c_limit,fl_lossy,h_1440,w_720,f_auto,q_auto/v1/316385/f535fcf9-824f-488d-82da-56de6b06df33_jaqb8m.png]
[res.cloudinary.com/hrscywv4p/image/upload/c_limit,fl_lossy,h_1440,w_720,f_auto,q_auto/v1/316385/8a19f2ea-9060-4b3a-b8a9-9d9cb0388849_ppjgjj.png]
[res.cloudinary.com/hrscywv4p/image/upload/c_limit,fl_lossy,h_9000,w_1200,f_auto,q_auto/v1/316385/Partech_Background_ready_V1_ptwq5j.png]
[res.cloudinary.com/hrscywv4p/image/upload/c_limit,fl_lossy,h_1440,w_720,f_auto,q_auto/v1/316385/b7eaea25-188b-4c4b-bf11-762f4ed181bd_k4tcvg.png]
[static-assets.strikinglycdn.com/_reset-e86dc20205eb267eb1803edb4281063d0db8db4dde3345771532819dae916332.css]
[static-assets.strikinglycdn.com/themes/zine/main_v4.cbd2599cb9785d4f07c4.bundle.css]
[static-assets.strikinglycdn.com/detectIE-4ddbcca65e3d52fd931dfd192ece97d94f047339554e018759ef8c92e36e4488.js]
[static-assets.strikinglycdn.com/i18n-7e99fc93a2e83a345fa38a427b38953cead0d717dbb25e5006b0eebe6b0ff775.js]
[static-assets.strikinglycdn.com/webpack/site-dll.09c7d043e18fb1889082.js]
[static-assets.strikinglycdn.com/webpack/page-site-bundle.4862b042f845e167c668.js]
[embed.small.chat/T694MGMQSG6DJHUNP9.js]
